// Jest Snapshot v1, https://goo.gl/fbAQLP

exports[`Snapshotのテスト 1`] = `
<div>
  <div>
    <p>
      Vue
    </p>
  </div>
</div>
`;
